17:01:58 **** Incremental Build of configuration Debug for project Source ****
make -j8 all 
arm-none-eabi-gcc "../Core/Src/main.c" -mcpu=cortex-m3 -std=gnu11 -g -DDEBUG -DUSE_HAL_DRIVER -DSTM32F103x6 -c -I../Drivers/CMSIS/Device/ST/STM32F1xx/Include -I../Drivers/CMSIS/Include -I../Core/Inc -I../Drivers/STM32F1xx_HAL_Driver/Inc/Legacy -I../Drivers/STM32F1xx_HAL_Driver/Inc -O0 -ffunction-sections -fdata-sections -Wall -fstack-usage -MMD -MP -MF"Core/Src/main.d" -MT"Core/Src/main.o" --specs=nano.specs -mfloat-abi=soft -mthumb -o "Core/Src/main.o"
arm-none-eabi-gcc -o "Source.elf" @"objects.list"   -mcpu=cortex-m3 -T"C:\Users\taish\OneDrive\Documents\ReportVXL\Lab1\Source\STM32F103C6UX_FLASH.ld" --specs=nosys.specs -Wl,-Map="Source.map" -Wl,--gc-sections -static --specs=nano.specs -mfloat-abi=soft -mthumb -Wl,--start-group -lc -lm -Wl,--end-group
Finished building target: Source.elf
 
arm-none-eabi-size   Source.elf 
arm-none-eabi-objdump -h -S  Source.elf  > "Source.list"
arm-none-eabi-objcopy  -O ihex  Source.elf  "Source.hex"
   text	   data	    bss	    dec	    hex	filename
   4664	     20	   1572	   6256	   1870	Source.elf
arm-none-eabi-objcopy  -O binary  Source.elf  "Source.bin"
Finished building: default.size.stdout
 
Finished building: Source.hex
Finished building: Source.bin
 
 
Finished building: Source.list
 

17:02:01 Build Finished. 0 errors, 0 warnings. (took 2s.419ms)

